// Jest Snapshot v1, https://goo.gl/fbAQLP

exports[`matches snapshot 1`] = `
<DocumentFragment>
  <div
    class="Alert-text"
  >
    <div>
      Invalid Username/Password
    </div>
  </div>
</DocumentFragment>
`;
