// Jest Snapshot v1, https://goo.gl/fbAQLP

exports[`matches snapshot 1`] = `
<DocumentFragment>
  <div
    class="SearchForm"
  >
    <form
      class="SearchForm-form form-inline"
    >
      <input
        class="SearchForm-input"
        id="searchTerm"
        name="searchTerm"
        placeholder="Enter ticker symbol..."
        type="text"
        value=""
      />
      <button
        class="SearchForm-btn btn btn-secondary btn-md"
      >
        Search
      </button>
    </form>
  </div>
</DocumentFragment>
`;
